// Jest Snapshot v1, https://goo.gl/fbAQLP

exports[`Results container renders a results container 1`] = `
<section
  className="results"
>
  <h2>
    Results
  </h2>
</section>
`;
